Graduation
Post Graduation
Diploma
Post Graduate Diploma
Intermediate
Matriculation
GRADUATION
POST GRADUATION
DIPLOMA
POST GRADUATE DIPLOMA
Post Diploma
POST DIPLOMA
INTERMEDIATE
MATRICULATION
XIIth
Xth
10th
12th
XII th
X th
10 th
12 th
XIITh
XTh
10Th
12Th
XII Th
X Th
10 Th
12 Th
XIITH
XTH
10TH
12TH
XII TH
X TH
10 TH
12 TH
+2
+ 2
XII
X
Associate
Bachelor
Master
Doctor
ASSOCIATE
BACHELOR
MASTER
DOCTOR
MASTERS
Masters
Bachelors
BACHELORS
Grade 12
GRADE 12
Grade 10
GRADE 10
Grade XII
GRADE XII
Grade X
GRADE X
Degree
DEGREE
Matric
MATRIC
Pre Degree
PRE DEGREE
Pre-Degree
PRE-DEGREE
PG Diploma
PG DIPLOMA
P.G. Diploma
P.G. DIPLOMA
P.G Diploma
P.G DIPLOMA