OBJECTIVE
Objective
EXPERIENCE
Experience
PROFESSIONAL
Professional
EDUCATION
Education
EDUCATIONAL
Educational
QUALIFICATION
Qualification
QUALIFICATIONS
Qualifications
ACADEMICS
Academics
Academic
ACADEMIC
Academia
ACADEMIA
Scholastic
SCHOLASTIC
Scholastics
SCHOLASTICS
SKILL
Skill
SKILLS
Skills
skills
PROJECTS
Projects
ADDITIONAL
Additioal
EXTRA CURRICULAR ACTIVITIES
Extra Curricular Activities
Hobbies
HOBBIES
PERSONAL
Personal
CONTACT
Contact
Publications
PUBLICATIONS
Presentations
PRESENTATIONS
Awards
AWARDS
Fellowships
FELLOWSHIPS
Honors
HONORS
Grants
GRANTS
Languages
LANGUAGES
References
REFERENCES
EMPLOYMENT
JOB
Job
History
HISTORY
Employment
Text Resume
TEXT RESUME
Hobbies and other activities
Training
TRAINING
PROFILE
Overview
OVERVIEW
Summary
SUMMARY
Experiences
EXPERIENCES
Proficiency
PROFICIENCY
DECLARATION
Declaration
Address
ADDRESS
Work
WORK
Exposure
EXPOSURE
EXTRA CURRICULAR
Extra Curricular
EXTRACURRICULAR
Extracurricular
Extra curricular
Trainings
TRAININGS
COMPUTER LITERACY
Computer Literacy
Credentials
CREDENTIALS
COMPUTER KNOWLEDGE
Computer Knowledge
Details
DETAILS
OTHER
Other
Awareness
AWARENESS
CERTIFICATION
Certification
Seminar
SEMINAR
Patents
PATENTS
Educations
Date of birth
Date of Birth
DOB
D.O.B
DATE OF BIRTH
Co-curricular
CO-Curricular
CO-curricular
co-curricular
CO-CURRICULAR
Extracurricular
EXTRACURRICULAR
COCURRICULAR
Cocurricular
CoCurricular
Computer Intellect
COMPUTER INTELLECT
Computer intellect
Computer skills
COMPUTER skillsl
ACHIEVEMENTS
Achievements
Computer
COMPUTER