p2jf/thHR8A4hWPaczJC8/HQ0NZJMEl4VNCYpZh2cIE=
2uce09pnQkoohXXIM6mmwkw9BQ1fecrcCgqEqEo2L5xmsxL78wJCQ69pz41Vt1kB
pSOzLLaIDT4HuRQ097mNLk4RSbwbCcVo
pSOzLLaIDT6bjwQCCES13HqjTggj20CmNB8rvOI04qw=
pSOzLLaIDT4699hg4Xlf8hY738kD3chf14wiZc0kdkI=
2uce09pnQkoohXXIM6mmwkr3nmPcx4k9GFVJxfM08vBrlocFEueUqw==
2uce09pnQkoohXXIM6mmwrYmaHv7RziCQkkZENFlq/cWOwPKCXE5IvWsk7u5LFWT
p2jf/thHR8CQo1Dr+5xadpg3wAU3BfgZ
2uce09pnQkoohXXIM6mmwkw9BQ1fecrcCgqEqEo2L5xmsxL78wJCQ69pz41Vt1kB
pSOzLLaIDT4HuRQ097mNLk4RSbwbCcVo
pSOzLLaIDT6bjwQCCES13HnQpo8GaoFd
pSOzLLaIDT4699hg4Xlf8hY738kD3chf14wiZc0kdkI=
2uce09pnQkoohXXIM6mmwkr3nmPcx4k9GFVJxfM08vCP8upMoayWXg==
2uce09pnQkoohXXIM6mmwrYmaHv7RziC40ciHn3p5x6mguh1FV9lJQ==
2uce09pnQkoohXXIM6mmwkw9BQ1fecrcbHHKGM7Lajs=
+F09clMnlnBCqK4geVU1Sg==
seaOPIQVfYwgborImsuP4g==
pqqvC7Naxq/1C9whE22gi+0OnzDN4Krj
VZKNPZm2kIh8psxc9OwVO87Ww63tdgIQOXWyeh5rMJk=
pqqvC7Naxq+2lSBkZxiqWETJJpxdsHYG
VZKNPZm2kIh6bz8WxjN0d3GCMe6T6FeJ
