lqsflXGYtC/4OMb02sVBaA==
lqsflXGYtC8M4Z2b0jY5JQ==
AOaxJwEcTLGjdCMfmnEUuQ==
OW/O2QSHtwbatUtKMeSEEA==
lqsflXGYtC/F/E9/sOMHX8CCCXoW+o/h
lqsflXGYtC/4r76LfeOkUzrnyWXqAC/3
AOaxJwEcTLFAGZzGSHVRpaWP/fqUvDtA
OW/O2QSHtwb/lhQeMuXfRpfGEbtskO2p
jEp7vY7IRvDKupwF2ByFig==
jEp7vY7IRvAAdXBKbB8q2g==
Xs1+1txiiSorUlCyrThJ+Q==
NrhqUMgDo5Qs2Ma+IzLV3A==
jEp7vY7IRvCLaCwkgXrLRiBk0yJjwRRi
jEp7vY7IRvA3t2EunzV87VIXPd5lc0Ff
Xs1+1txiiSqTfDYiuyb1l8nA/Fy+9Qkr
NrhqUMgDo5SUNUTwr2YDKPD14jT+r0Hs
IQ+dzq+6aLGZFwbtO3Ke7g==
pUUwQQ8yEB7OJahFSuKfJg==
R7vIrbet//XiK/KNOxR/Zg==
JByM4thc6tfppCkVrLHeFA==
IQ+dzq+6aLETPYV0hcTYHHxNpjf7paI0
pUUwQQ8yEB4ALRDQFYmLUtnMvq/Ap9o1
R7vIrbet//Vk8xPdQLMXL/gremI1kODl
JByM4thc6tcrRKtW19QqKlcN2QS3eU4c
qqR2C3FVi588+XAODKkgAPzzg0m33F0L
qqR2C3FVi59mTXqSMKYWU2awHvr7exGP
kPRSLaPfbFGHo8vrC2AnGzpRuiVd77QM
aMQWuSqIylbHNXZBPiKiDO2uer6jF7Nn
KaD7lLR4zKUxijMotIhKvRMsaikVHksm
lqsflXGYtC9w8M8DwwiJrSlGBfCW+VB/
lqsflXGYtC/9GLAgOt8LB1gddLLeXdBP
lqsflXGYtC9l2eemMqvzw4cZt3g9cdXy
AOaxJwEcTLHRQ8lndN7ygDlaWmmBxp/U
OW/O2QSHtwYBiCIw9Pns0FtxbPVvf4WO
jEp7vY7IRvC5Z7pdWTmxe2DxngWN2ayw
jEp7vY7IRvAwM0SM2HA5Wzwc7r1id1H+
jEp7vY7IRvCK0PG9+DivQfHe6d92ncxq
Xs1+1txiiSqgiyrv/ATMNvZpAVNmT3Bt
NrhqUMgDo5T4gmuIGIcP8xAapzKqtmS0
Bw/p+0JE5mpvU5on3hRahw==
9AM8YZUGbsIiRw/ZBHHOAw==
eC/Q31tqVEJSeBb6GGDX9w==
Ib0Zw8YgYF5GwCMQaQGeAg==
lqsflXGYtC9GB5GEb0al8Q==
AOaxJwEcTLHdGLMwHb5wFQ==
lqsflXGYtC/0hK757YJDMQ==
AOaxJwEcTLHw04ES31+Fdg==
OW/O2QSHtwYbzhiY3GkeDw==
lqsflXGYtC9SU1lD2V6xTg==
AOaxJwEcTLE/NoHWxm5EbA==
lqsflXGYtC/NieSxJ9yv1g==
AOaxJwEcTLEFZKJAoakEcA==
OW/O2QSHtwbUeII7VpuIjg==
jEp7vY7IRvBTehjBqfiqxA==
Xs1+1txiiSp8hKRvMHLldA==
jEp7vY7IRvCizPNzp6gctw==
Xs1+1txiiSoILhaSeljXoA==
NrhqUMgDo5RhU49zS0PUNQ==
jEp7vY7IRvD2nF6QKsrxdA==
Xs1+1txiiSpPoUHU91Fpqg==
jEp7vY7IRvC+YLAtYn6GTw==
Xs1+1txiiSpee40IUMnW1Q==
NrhqUMgDo5QiLuUnRp37Kw==
N4/bt1/0COYp82IxArKQMA==
RTmZ8FdhS475xKmdqGum/g==
N0URRQ9etCJb0R5vVu7Frg==
pXd0VjPI4fwHO2E0O8BCJw==
NLDt/2rMt9kL+MC6UMRHmg==
WupeMs86h9bJfs7CWKdwjQ==
4nbYzGHk+bg6YAuIirLJNw==
CP/d9mWM765cCGdCGQPCLw==
7mMdUoFSh3CmdGqf3IIvjA==
XJzi+yYdYRjB/7hnqbky2Q==
