Present Salary
Present salary
present salary
PRESENT SALARY
Present Salary Drawn
Present salary drawn
present salary drawn
PRESENT SALARY Drawn
Current Salary
Current salary
current salary
CURRENT SALARY
Current Salary Drawn
Current salary drawn
current salary drawn
CURRENT SALARY Drawn
Last Salary
Last salary
last salary
LAST SALARY
Last Salary Drawn
Last salary drawn
last salary drawn
LAST SALARY Drawn
Last Drawn Salary
Last Drawn salary
Last drawn salary
last drawn salary
LAST DRAWN SALARY
Present Drawn Salary
Present Drawn salary
Present drawn salary
present drawn salary
PRESENT DRAWN SALARY
Current Drawn Salary
Current Drawn salary
Current drawn salary
current drawn salary
CURRENT DRAWN SALARY
Cost to Company
Cost To Company
cost to company
COST TO COMPANY
Present CTC
present CTC
Present ctc
present ctc
PRESENT CTC
Present C.T.C
present C.T.C
Present c.t.c
present c.t.c
PRESENT C.T.C
Current CTC
current CTC
Current ctc
current ctc
CURRENT CTC
Current C.T.C
current C.T.C
Current c.t.c
current c.t.c
CURRENT C.T.C
Last CTC
last CTC
Last ctc
last ctc
LAST CTC
Last C.T.C
last C.T.C
Last c.t.c
last c.t.c
LAST C.T.C