O1SGmOZ7b06kGAnzViI8jA==
5gRbCp0UaiHraf47uzyK6Q==
XeSKYFt20vE=
5gRbCp0UaiEKW1d5AN/RQUSk+dti6k2n
Ob1//O1BQNj0qL6WEG3C7w==
DN7hXi8GeWUduaH7THcuRw==
udi6tOuifOfaS6kH25P92Q==
7pNOZanUnGpepNDRNUUB3g==
ONm92fynyZ8=
7pNOZanUnGrizUkwqYvCmEZm6TWkvt0J
8MwIyzFboq0B7pW1PMvE8Q==
zTKedY8zuyrjL6FB3WtBlA==
rhpIVqlezLleLU2a33a4oQ==
CTDAjx3LU83lZXS9OoCpwg==
umVzrNwHnQQ=
ak4/vDMWNIg=
DUspabtxW30=
FvVuq9ALYG4=
Z4ELqd2zKnw=
eWL4UNttehE=
xwBqHishkJc=
VQV6SxdML0s=
LOSOq7wkHmY=
IhuxfbPmexU=
vWVOyG45DIY=
RwvPCtPpHls=
dkqdAUzMaIA=
xwlCMJz17wg=
1dtnvapbpYk=
Kx5m7WVWp0Q=
WubyZnRGNqw=
xPGFexH33jE=
PCc9kuxQGEA=
/XUffmZrEjE=
fzk7qmtyfiI=
aa2ASPA/1ig=
hM9pJwzXbDo=
90Hpyn1Hh8A=
nlgWOvIthAA=
9YWNYD+xAOo=
SqsUyTRG8LU=
XibY6s3Jutk=
pGc8x4ZXskRDCEEloFl9xQ==
nQkb7z7G0Wp3spiQDW80TA==
yj/plBB8XaA=
eLlqHHq5IYs=
o0g6YC+uLPLLtsqZwF/JFQ==
GKiPSZKBnkqjEZJdfIJQ0Q==
urgGUmtM9iE=
jO0c/FWOl6c=
Tl3duspDL3k=
dTAqwoG0BNs=
nQkb7z7G0Wow7WblNeX2xA==
GKiPSZKBnkpEkfmactXhiQ==
RelBLBfc87EsSST5g52JdQ==
O2IKwuDsJRoF72yih9VlOw==
AbiHKk1WpGbmDW+V7N2zew==
HIRcSPgG7XSkfaPH7QwjRQ==
oW2AbrYv5jTOO9Bml4hEMQ==
lGGUEdX8FMiX4uuan0W5hg==
l6NoY7CozPs=
jlL/ATg8izE=
B/oUXuDRrHM=
75QMoopiln8=
lwQCsACRhyE=
i25bA0lJLk8=
A9Q1SiyuKKeXOVjE+MIZtw==
eOo43sNic2wnxz0RuKRbJg==
tndJaDk+mjfgknl5p8/U3w==
HlpNH+GEdaQ1nlaJacI0jQ==
ZXyZrUQM6GepgQpmKeKWhQ==
A2x4iN4Fc4t2M7V2Yf0CPQ==
1lfxBjZphjgCjZsCL74YVA==
uJXH05ysK+2Z6TVy6w3LbQ==
SUihUdBUXP5Xdeca8dwv/Q==
Z9SrcA0+tD8yH00+bWJhCA==
