f+ocN+kpsiQ=
+onCOFQ5F14=
J8slumMx7zn+Z9++WcMAAg==
nvHujsUmalVKNrZy1ERHNw==
axG5/cPWD1o=
zwBu4q/3acM=
M7VZl4KCUX8=
vfcQKnB3sKylCgpBJRyrnQ==
eIFCydgtbBTlj7DcvTsP8Q==
FEWq4iVG/4Q=
tYnPKvE6q1c=
8njzlMy6p5g=
Hd56jqyB+XLDNOLcxn+EkA==
LVXOvtm/8UP+vx7jVPGNpA==
3LicyfmStC4=
sjXKbmmvhTHr6RZaLVGTPA==
jJ58ur1l4OOWYJsMWg1Qbg==
mhQtSKpfqkU5mIS4Eff6uQ==
PuBfd2gX3WRqpm08vOzT7Q==
ZDQfwCusEIx6Nu7ImeiJVA==
rhkpUEhbEpJisfz38t2/kw==
nW+GFcBA5FU=
4vIdXvphPqc=
kIQTLdOlHq0=
2UqPfNQN04w=
webXA87R6qE=
if7WXlymq+Y=
Np4cn14qQm0=
oOVYV9Z/6Tg=
clhe96/QW3o=
VbzufpHIEOo=
wwIWxaepSAo=
K+32s8uWKq8=
wIjmwiMVYyFXGMXiU6Oj2w==
WSYGCX+1GS/2PaXS9aTv/Q==
Zz1tvocL0nyv5ZIToRj3yA==
PY6kMRyhJ7oCE1tdOSncog==
PY6kMRyhJ7oCE1tdOSncog==
2cBNnj74aXE=
zcs08tZ0Nj4=
Tt7PJusr/HuLzp+ga6pMyA==
A9Q1SiyuKKeXOVjE+MIZtw==
eOo43sNic2wnxz0RuKRbJg==
tndJaDk+mjfgknl5p8/U3w==
HlpNH+GEdaQ1nlaJacI0jQ==
MVJQGQzvTNI=
DLPXfVGq9Lk=
PfTwwMfn17Q=
vNqI9Xa/+Y4=
AkCrjv0rVu8=
uN2RZ2SWfpU=
Se2c9Q00B7ZXoIczw+f9ug==
Se2c9Q00B7ZFFk3LUpP7cw==
t8FRUvWqll21wMBjgTT4yQ==
wzsKtPjBZY0u+wuQjuWSZg==
wzsKtPjBZY1J7fkI1QVRnw==
EVXSETS/7Y88vnB9PfZQ9A==
EVXSETS/7Y+tevFzUtAkpA==
birtx64IFTuTDhjlrXoncQ==
EVXSETS/7Y+kkdB1X+vJog==
sHCM9Jbo1jduEZkf27DUkw==
/lAmYyuzmTQ=
lYNDlsWv6II=
PaHsPHAutks=
QWn/vUOFfANAc/2zyBbVGQ==
1xeV9ll4WL3lnHWZt6ZFmw==
FiIGD8ZRCvCm/FBgkCungw==
wsuU1YjkSSU=
hRwT+3sXkHQ=
PEgBcKEFI1E=
HdXRM29oEjPLpTPtDBQWqQ==
Y5NA/Q5J8GOtOXE6q0LDWA==
KiMLZJfcKWHSLp93LPWFPA==
pl3dj6TEgUCrT7RKTocUcg==
MKCvVwd0qoanbSPKWI5VzA==
vG0tQJHXECGK4qel8bQ3Qg==
eV0raa8YghHe+5De9V/vVw==
9RMTkncetf//+76fFaXH9g==
+V2AZ+oY2Wg37NeLOPJNMQ==
PIBgke1rXjpLqoVA94G9jA==
jARrAJww5NFU9yNcwc9YjA==
VILLY7y74MopnFI5vso+oA==
R3fbs8YcmU4KPislRGRfug==
Nml0shYAi/Cys6hhMkltJA==
zuzBht3Cysv2Ev/+o4x7fQ==
lCnSFO5iB4tf9EyC7huu7A==
nUBiTQmz4GAjn7sSDt7/eQ==
OC66qXu5IxIPWaBmKMW2jw==
OrxFBbdZ3d8=
klm/27LpgT0=
C2aDATBN9WA=
