FcjKES1euU+pwg/H714Deg==
+vpY2MgoK2WXDyBhr2FJuA==
463u20Lla/CvK8pouqsimg==
Pj7YVDLrRKNCXEiPo8Oqpw==
p790h1sHhRJD7B+zvjHNJg==
tIVhkNxiW0gC6Vr5iO1OyQ==
KiA9UpifKDMscrGrvPSrKA==
iaASe7kAVAOkVqjQpy7cug==
KiA9UpifKDMU0YKyE0hi/w==
iaASe7kAVAMzFB45nXRgeg==
6h90eE3Qr8x62KTuXo3Xpw==
Ut2rpWlth8tLJv+nFRnyWA==
6h90eE3Qr8xQzxLmKdF9Gw==
Ut2rpWlth8v/Tr2j2EV7ww==
TNmNP45gwAMTk/66dPXJYg==
OfBjLtlmStte1Q0/BjhQdg==
OfBjLtlmSttfmCJVox7tEQ==
TNmNP45gwAOW3HN0aiJB3A==
Ld+Q/Xhgpo+iQaFXdnRpyg==
0h+deIh3uJZNCxViTEugVg==
wt1Z3Lsc98JXyn4WwwBTTw==
LOzFUquTVTJ7h30Eo1CASw==
wt1Z3Lsc98KLwxmXJynyqQ==
LOzFUquTVTJdtfP6K6XV8A==
bKCCSrtS8Vk=
qjHXiC9cg6I=
HER2+NYMWvw=
pUc7jaYVt9A=
EXAuLCGKtao=
T9xvtSqq5V3JTFW3THRC5w==
8aTxnpvUD25BDVauRlwzVg==
Hwwf3mn7qZvWFRpo2gSCVg==
sJJNOHsTi6yT6lO8L0bWmA==
EBbe2UHxDQv21D38adKXiP3UTjuHGbHyER8N8Md3PHg=
G7wk9iPCZpP2Sq8a6xP08DWWIpTGm5Rpe17t3Lir1C4=
PPQgq97hQdY=
W/QyiYTfNVk=
zGTJ9W/JbgAMPwUMLTxSJQ==
ZdtulWjoCwT70R2+zDfEqQ==
C80Tvm5zjUc=
pV/X/gEhkqU=
H5phKNumuzuOWSNjAqCStw==
HTlGX7cgLccFoN/W2/pL2g==
wwJM4VgnzpBjZEKrRbSYrA==
d5J4A2a0vRCK/vdg2emrqA==
yD2hLAZh/qw=
nqQw6I3ZgGY=
aNU6VDuOMN4CR1Isn3kO/Q==
gXX67aDJQh0NjIBaVbm2Pg==
f31ZTBHpML8=
mO6Y2QG7Q4c=
Q0c+Eu8w9gI=
XRFua41Ub+s=
ROO1uNBjxnsfFABaHQ60xg==
xxhe0Jdja/Sd2ydh9uLV9g==
DGBatq3zR6qvUBvhj3A1iw==
CUJuVQMA8vEdUf3cex0RCA==
KSiHijg2Ig55chQLqKt8VA==
fqWXO57l1s0=
pkQXpYAyeow=
l7vVAt6BIPA=
IMkN0rNLm7E=
Zs0hBe34G/UFOgpt6WjrFw==
KFg3ePS6qMDfSQnwm5PYtw==
B3rhyZjQcWTRMQrCz3TIyA==
u3mQeNYvIWf8cxQg2xsJRHoB4k2fvVaFIFCRr1Ju1EQ=
yVX6g7x9kEWsf9Dmt44ibg==
i7lZQIppmjB2OJKZritCYQ==
wBZP1cMzo20=
YxgRfnx9MO2hZ49Nq2oMCQ==
u7c967C1gKGmOBh0GXfxAA==
oTk74JvXfWQ=
6gMDKbWoDz0=
Pj7YVDLrRKNO5yyQmTC/xg==
463u20Lla/A3LDYLuJlzjA==
8jZa4CXCfNAGxqgyCGlI1w==
wgyM2QrioWp76y8ePHkxFw==
8YrcnRrET1czR8mDBziYtw==
ay3oFiLZkmyaU/z7sM2nrA==
zF7EhqPadvI=
wqLtWPaPwwQ=
CXPFH6oLnwg=
bElz20OGwO0=
1XABZpKX4K5UAm1jFM8j5Q==
Vy3BLgKLzUYutPY1+YL8Yw==
EBbe2UHxDQv21D38adKXiOLUMroEVjye
G7wk9iPCZpP2Sq8a6xP08BBNxJAUmAz3
cd7yO8cyjn7cHNMYmncL2A==
1jnjZ6LWgCqWKcIED6sr0A==
HyzJrwQDuDnSoHl6sN6YKLAUCLg1JsNF
yVX6g7x9kEVXIIszfZIp5Q==
i7lZQIppmjDq8hNYVPwkFw==
r6FFuK/EFuII3/DVN43GTnu4a68nDupx
a+02LohMVOLAg1Tv026xBQJQW/ai1Egv
+5UcBFvrJy0NHUNGSmruEQ==
K2aQBXXkHKAelumkqhj1Yg==
r6FFuK/EFuI/q8DuZOsd4S3Ct8Jv6rPE
a+02LohMVOIYsuntO3gEkNlbiLu+mR+5
XEjRMV9MVb0=
6Uk7D13cE4s=
MToNjBqxHnA=
1qBMKd2VOzY=
gveD4w+yjd6fCSuGPh4rkg==
+7J+IR21KtGrWL598A2Dag==
3jvN8oLFY03QQltJUDb5rg==
567ZHvK19scJRtRuwWchxQ==
wBmRUBhOtq4=
ENasYWrcDRo=
iPPd0y1yavo=
gKq54sD1vDk=
iaASe7kAVAP4vJVw7UTwfQ==
3beuOl5eYaODxg6JxGfH+Q==
3beuOl5eYaMn8spagyyw7g==
rGSSl9vpHrw=
JuEHuTEIddE=
gt5+kcUJEXDjqzNBi83bKA==
Xp3FzaV0ZXdueJsdm77WJg==
RkSUmkXepyf6UgCm6jWYRg==
jfY7JAxwbsocw53FQbJStA==
yMc/Tq5SynBpLttEEsnpsg==
h48hS/OH/DSuZje4k0z2zQ==
1jnjZ6LWgCqWKcIED6sr0A==
cd7yO8cyjn7cHNMYmncL2A==
3wezlQG2FnlqBsWOkRt4gw==
bTAN60c4DsO4qS5tGac3OQ==
pdaHK02X/m8cCsd8gqUwAA==
a+02LohMVOIxZsLoVFu6czB9UW44rku8
r6FFuK/EFuJ9tKX1z9RK1fcA4LmFmDZY
a+02LohMVOKOO80F9IUfYe5KAc3Jw+Ak
a+02LohMVOIxvaduwndxUQ==
r6FFuK/EFuIVYqGHNhKWHbOg4d5CmYYH
fnOxWvJ6LA/L2pEtOKy4KQ==
Vvf6kZehKjwMfWkSQTnRWw==
a+02LohMVOLtZBAGCpbJKQ==
r6FFuK/EFuJWIOqaNOH8ig==
