GGyAdIaqgjU=
DrSAQUUOIXU=
qJJlBXKMsBA=
qp3pc6OR8FbMWSoFS/JJGw==
nfIYciFxtmbvDmWKBufBsg==
2IRPxJ+Gh/MiYvqCYWzOtg==
/MxLWQfLvqY=
LbvUCxWRiYI=
P5snqfK/yfU=
qp3pc6OR8FYMsxhkWo0ynA==
nfIYciFxtmZckaXgUQBvag==
nfIYciFxtma5p/G9mTDS+w==
2IRPxJ+Gh/OxRvikhof7VA==
48LEPqXxnNbzh6q9l63ruw==
k5LWDJ1T61K1MTrfftndVg==
W+Amm2TRCaZDRcyoLZxcjw==
dfuMEk8eKKqQE++iIFj+9w==
kaQBI3IoM9cwCLR0cijPSg==
XFsGkojWtEpL1qO0Nza8Vg==
CIpZyZ3kWNw=
9ewGCExB13c=
JznXoqlOKc4=
CxVfri8PAolKVab0SRC3kA==
nMcvs1mrUlT8blZs6rOkgQ==
4E1vXb44Foo=
ibpISmV+yGA=
oQe0BCmjLUuEvWUG4DSXbA==
NhPmXUijplGDfH5lXh5q9Q==
bUHcqNXxbiYZVKQODVEHYw==
oCtUZe6s4LFCMJzII5bh5w==
2e5TL1CvB9p8q87u/8qq6w==
PL0YtWZS9IvKNpYgfPcMFg==
