Passed
Passes
Completed
Pursuing
Done
PASSED
PASSES
COMPLETED
PURSUING
DONE
passed
passes
completed
pursuing
done
Appeared
appeared
APPEARED
appearing
Appearing
APPEARING
Awarded
awarded
AWARDED
LTD
ISO
CGPA
RESULT
Result
FIRST
CLASS
First
Class
MS Office
MS OFFICE
MS-OFFICE
MS-Office
MS-Office
Be
be
Pre degree
Pre Degree
PRE DEGREE
Pre-Degree
PRE-DEGREE
MS word
MS Word
MS WORD
MS-WORD
MS-Word
MS-word
MS PowerPoint
MS Power Point
MS power point
MS POWER POINT
MS POWERPOINT
MS-POWERPOINT
MS-POWER-POINT
MS-Power
MS-POWER
MS-power
MS-Dos
MS-dos
MS-DOS
MS-Excel
MS-EXCEL
MS-excel
MS Dos
MS dos
MS DOS
MS-Access
MS-access
MS-ACCESS
MS Access
MS access
MS ACCESS
MS outlook
MS Outlook
MS OUTLOOK
MS Out Look
MS OUT LOOK
MS out look

MS-outlook
MS-Outlook
MS-OUTLOOK
MS-Out Look
MS-OUT LOOK
MS-out look
MS-OUT
MS-out
MS-Out