wpc
woman police constable
w.p.c.
w. p. c.
w.p.c.
superintendent
super intendent
special constable
special agent
serjeant
sergent
sergent
sergeant
sergeant
police constable
pc
p.c.
p. c.
p.c.
inspector
ds
di
detective serjeant
detective sergeant
detective inspector
detective constable
detective chief inspector
detective chief constable
detective
det. sgt.
det. serg.
det. insp.
det. const.
det. ch. insp.
det sgt
det serg
det insp
det const
det ch insp
det. sgt.
det. serg.
det. insp.
det. const.
det. ch. insp.
desk serjeant
desk serjeant
desk serjeant
desk sergeant
desk sergeant
desk sergeant
deputy chief inspector
deputy chief constable
dci
dc
d.s.
d.i.
d.c.i.
d.c.
d. s.
d. c. i.
d. c.
d.s.
d.i.
d.c.i.
d.c.
crime prevention officer
constable
communications officer
commissioner
commissar
commissaire
chief superintendent
chief inspector
chief constable
chief commissioner
brigadier