/xJJRVhpx+lvXiSnzA9nTQ==
1U8B3OwYSgotSUIJVt66rQ==
XK8H899vwSV+0SFQZ1I/Vg==
s4GNUwA97Rk=
fs02zVo6LvU=
8af+XYETbVc=
rRiIGYcCxrzw9rze6J46cg==
7cXl1giGcNc=
4KEOombrYXs=
3u2+yGVxc/o=
r8VSUIcS1UtGWZW+IGkilg==
VqkP9qkXC/w=
TKvMkLEk5tNlrplyNfFFqQ==
i6wymLeaOfxDXgC0/6lSdA==
zdMHku7KaGYivRRD2/Pnag==
FuYaHoaUlk3gvte6P+fS2Q==
3wSCOEBH8h2+GmTcwSkuDg==
FNrvGM/YJ6aTMzyvb+xkdw==
gqENaUrhFTqzMwqJe1Ouqw==
b+E1N2LKAXlnP3TW85Yh0g==
51deA0MoUaGuO9wNTZZcKw==
4yh/eBFQAgizMmVzLYDVFA==
S4IX0O5oorU=
ue+EwyFa4wU=
5GEIQq7Umys=
ZQPUdu8NzQcnBe9ww8K0BQ==
cFugENjS16ohaKi5u1mMWw==
tofEIsIVEgRINPf2h1UnMA==
V9E8JSYuz+GvNrI3VHdayA==
