VFVpuSIUV9fOKmPIjwXRYA==
LHhDlMesLbM=
vRRyfqu5EOOKd5CGjTf7+w==
OGsHsyW7/bnze+2j37z3NQ==
qLrt+jgngnsSLogIX462fw==
GSVZf4lQF/c=
DteWqe7onuk=
bVCRmjQXppQ=
QXqXxNmmQ6U=
XnKCelQuZ8s=
KTFH1JgpVR0=
UUQqbmyDfx8zp3O5NN8Egg==
yVo/bvPA1FA4/SyyOWz7Ww==
VJyW/wdbvpcE5d1leOZ5AQ==
FxBCjsCVFWfYoP6FfevKhg==
HzSdIfU7Lkl4125StFiRmA==
yjeQDqBDe8+dzCc7BhLtJA==
0Bqn6uRyWcc=
sRF/9/Pfj9U=
9o+s2AeUroE4IiAlQo1qbA==
MPe0ldj5WQk=
eBR0r2Q+Sw8=
liWA1syDnHM=
eogv+WFtlUaS4YTVL1eMLQ==
PDT/YmSXt/pBhJPBqXVOdw==
1GYRqwzc3djC413aWbecJA==
hilnpbEedYMzzwW4skUX9A==
7BxgW+aVwcs=
J18Wp5e7Kzc=
pGc8x4ZXskRDCEEloFl9xQ==
+bXx3lNf5k8=
rJ4CBMotNJnjQn3b+BzGww==
jo2Oz2fFLix7kTAFZdBy+w==
mK1TcQdLnKo=
clXWioLL2t0=
G9SaKWGvCUVLBAMg04ogMA==
lj3cNg56Cx2wa/7x/NK5Ag==
vEOF97h6hiJK0hLEhuopUg==
CfClzCTf89E=
ewK6+Any6hoQSXtfqth59g==
2Yj3spj2icw=
Tmd7GQZupwI=
mg0XLdexw3+J/RcNXx/2aA==
dktW9Qnk0WtU9oUDJZw6LQ==
RWaU3qHCg4ucPd6Wv9BIAQ==
3fwlBzvVIJkPwqpix5PpCA==
rS1Qg6+zwgk=
FX66wUCnfBouOfmgeCfEhQ==
UZ95RJMayXU=
YxkRZjLnwsyAHS6cNP8J5Q==
NlTKL+0OguTEE2jKdYkiAw==
wsQrG9Z+bOIScRs3pSb97g==
leGWOaHfGBMeCmH0uamxoA==
oa8YXjIhvYTNHqlzYlWOqQ==
c8fQjmyVo+w/nOBjsyhQYQ==
4b0XC/MOAPH0sNkpKR0XNQ==
9obA3OXzf6ChrEuBmhy6vw==
v14osM6jzk0vSQpTWr4ozg==
0BeP9JeOmEM=
IDIO9Bsz80WQL7uxcUoY1w==
rcn/7XUQQzCnomupaCQD4Q==
Uqb6XxmKBs0=
cLMBs/xjzu8=
1zQRv6wjdj4r9PsPm+nQFw==
g0BWOQiuN5w=
N1VGT226Cjo=
BnLAKwv9Vfl3y5Y+iWyB3g==
sUFr3OsVwQo=
8zZlPo28/3Ptpu9mnsjXxA==
rbfOW6VX+xHoRlNTb3DFKg==
WP2z6zsTl7NOkx/MNekz7g==
uy8eYuf3dlTMPse6g8b/zg==
6/Mp86xgULe8ZtRwwOriJQ==
X5RnDNXIIK0=
VR00Maagurk=
8WXURAi+rhpEL/2w3+GKbg==
p6IhlEPp+rE=
pBxczjR1MMznGPKlhfEiZw==
NcRBMJn008O3GIlQ8EH6pg==
sJER/i28O24EqGR25P6avQ==
X3FlDIfAvhnhI1UeXVP6aA==
GTrthjlRNbI=
QgE6xqFsLy3Sjqqm/mf9xw==
gwEUnxAHNe9Hq3qgmhR6Zw==
xJtmUBjb5BDLNfM9YuURfw==
8Sar7N2VG7Q=
b1a3voQEr3Bl2rJUazVbdQ==
orAfRbvFmqe+o7fAqSbUxA==
65MAKrwXaZZ3rQCBNI70dw==
DzHeV2eSd4VtGmRB2XRGktNDdZHaNo7h
t1OSgPYEBZWKtWsSseeV1g==
YXQ3J7vrktWtdWcjGbQY1Q==
jHuSlYauaSI=
FX66wUCnfBqJIN3UUtjqDQ==
r6f0F2Y/B58=
Lal9ampCYYc=
njjxr+cFpNY=
tKlkvwS+OP6Kl7PbwXn3YA==
N86KKuMWQ9QVbDKSC/oYaw==
qW4U+CdRTqeLETiUR/puTA==
rumDgEvFra7H4Llabn/j1A==
XxW2xdgkx6VliSaCvImhRA==
qiicxiKO4rRgAOrMWMfgUw==
+/MopPvewqM=
zbvRf09xzoYcDZrZP1vEeQ==
Sj2Rnepi72P+WQpC5gELqA==
ZW1LzViVJeedP7JfT2SUpw==
wf79jo/fHKg=
/kI/yh30Bpo=
WSn9Qrg0DzJpSp8d2RWz6g==
xFg+tjsv7ac=
VhLYTfpOxnviTsFIbrUlWg==
BmdqngxnlNU=
/rN0uV5X2Nc=
oSJlIIwlb9c=
1HyANGf3kCbf14b8Tzu+AQ==
Hm0ez+7cmjM=
vszLuEa/ivw=
iIzhCAxgmuk=
XVM17eTXmDX6dy6JCmrngg==
Dfy1EB8tXC8=
6E+G8aWcNA4=
DHOb6WvsThLlNL+aUl3bYg==
zkXK1345YqM=
7dkJYFAq5FJ+4vulds7X7w==
xzG24THZjnM=
VdiRGiByHvg=
bjH05P+jZQqqUdiLf5DnZQ==
3k/5Yloxag/mZOBgu8Y5eQ==
sTwgfIo20w/U5oYVlDRcqQ==
JfS+KVkYgcafyMNY4fKc9Q==
0XCIGi5yOCqvRIwkvz40Ew==
UUiMK46Ilkv5kQ/ftxw7uw==
vOoduc+qT6epMsWwiEcthg==
