qCwtBnunKZT2KGM+Du0ejw==
esU+SB9ZTCI=
gXlPPZ4+KNgPJiCVxjWleQ==
MQXNCUBZ65pVm07oDkZR8g==
TVmdLzZc/p3ilfUSfm5T6w==
LCHvjHwRZ5M=
UVnymkOCjKw=
qm3G2gNElkM=
O9GoZRK7MF4=
imFB0vFnBX8=
z3wEVnSLsUU=
rJ4CBMotNJnjQn3b+BzGww==
DytCzDZsDczVzP6rVk1iGQ==
8SsW5LriMJc0Al9OEWLKKQ==
yVZskTMI9kVA/tqboL0kdA==
rXQLSA3iwciwUTQtUKSAWw==
YNnorz9cV7xcX64kL+p1oA==
VP97X366Zos=
xrDQ5M7POA4=
pKxaNvjpCEUYU3/2OAC/8w==
I91VFwTQOF0=
jWMGazQsfrw=
gGii7SG5/44=
LgdZPOaSY3E0h3hE3Se3Jg==
o5q1T4i7n2Mf8exOuOnmSg==
0zSgnChtwb5kkbcKx2OEsg==
5CwU+iTc+kJBKOmKUFeBFQ==
BzG79TqgpmI=
hounOJIa6IY=
mvptyVCXVFbzlDvZwP7apw==
nDhCEY8VK/E=
rJ4CBMotNJnjQn3b+BzGww==
wGsj+vEyTSQ9CAdSEhI8NQ==
uuw9gmYGugI=
Ukw0GvNA7J8=
rP2Jcr9J0MoNynhCI7w4Ig==
WmtP66dvxOund00Bqjsvwg==
Co7paiWiMIyb1k9HAiJGoQ==
wIryxd7WqDI=
sk3dvQFhs3pfdg4hzOsrKg==
iD5Rc6R8HXY=
ZWbtpbQA0FI=
YCT9iVowE3SIrNsotnK64g==
pMPszrhwm6A53wQiwBOG/g==
2xdpA2BbrEZmnoQI3zB+oQ==
QLS7ikjDQBNJkaiIPwnc1w==
XJOZOQy8pUA=
2LX3UUCKfdNSRjdkSsIB3Q==
O52XbQ2g8yg=
WukDyEb/an4DR2cFO3uDxg==
W3e0/UnDevn2NyG9KQO3Yg==
tEi/OxGWxZIkbOTrOB5VfQ==
7RCkfi4NyWO33oL5rlfweg==
7pj3kXDmPWOqAgjZKSZ6hg==
T9fae6QFWem9WBnp+sroXA==
rtBiKSWjovlhiieITQZJGA==
7F5LCCDVGHzZcMh4eh5Qaw==
l4EDEytW5gFDCyxyqt05pw==
W2LDba/H1rM=
1cmdWtOoeRNwyVTHzB0kyg==
U+euKWS5q7AV8gotPPIXRQ==
hCRER1vHBVg=
hNuC+zt4Xo4=
M26JpgELmBNi0B5GwKL28Q==
IhfADwlLYow=
EalB7gi3lr0=
JnDtHnQgsottifi3FPQsoQ==
IUjX8lsIBQI=
Yh3L3F3wd6d1/oE3v21QUw==
lt0y2PlJOr+Q06/O4i1uDw==
gl9QcfAock68cken3zVTeg==
CevgnuoGwG2UJL3cA01WIg==
U5IsC4IRuCX++qANnNIQCw==
sdeboSTnANY=
8lsOMmr4yc4=
6zgvjMlyxZUKd9J9Nr1TYg==
YP8JvIdrLV0=
DoPSBw2nCVYcxEnZrMxwtw==
cCp1REJNyihyLrtQzR1FtA==
muGvLM8DpuSqaBBkJjQbrw==
8j8KaKB4LlfB+eZLchcSUw==
XlzE5uyAzZ0=
ZXcKyj6XcoprfYxyPxMiGg==
MjVrabSLSek9rGkT/6dJig==
LXz+FCpAKW5LWQZAoSWVqQ==
+j77FaPG7Kk=
353e4Us+tG0L8UyF2JPjBw==
edN7NKYxkwwei///wHQOGg==
phrnPc6O/KL0FEU0NUcNyw==
TirOqYpYWJkYCzC5I9kd0yIZyXfms7/J
ScP4HafvKKK4I2BHMBpq/w==
uYWkRuUd0hTYjDyyleBJWA==
ioxreUf4/wg=
2LX3UUCKfdO4VdGqPAt7Tg==
3lWwFstEFVA=
SbrXcjzfRzQ=
ojE+xnvM3T4=
yh3mwg0zTIiAfMgyw7KCgA==
8EA2QE4UKpL2hSN2xgRAXA==
J7B0tUEMNvEghTD5ZU1arw==
7L4PYTXczL9M3FfhSPZwCw==
YqfjPyvUNVllH8UL14cyRQ==
po9tSu3UfEvFY+J27xcL2Q==
xzG24THZjnM=
0e9OqoMQapQcBqIOSeA2pQ==
b51Ae+QRQdh1iWrrQmITSQ==
7c8QvqWPY8Y0iU+rLu6sYw==
YxqqvrCNl0Y=
bcRJeJh5nPM=
+3UBixntFmH4VFbH7XJl/g==
fF6qjYYoU3o=
34WOwDrebc1YKqS3j58AQw==
GIox7E3dLEY=
gEONiSR0tqo=
1Q3nmlyyZAk=
n/+A51XNJJs1R1AUR41TDQ==
lEQVOxLD9kA=
h7sHAtGShzc=
d4tPotzcOW8=
L5Zs35Sp9UszVL9HW3LhLA==
nEtupRLAMdE=
DFz1FKrecFo=
lw62dXiQf9H2lQSLYHx1OA==
QlHo8bq2Trs=
LlMYttsahuyWG3TaZOQeQg==
xzG24THZjnM=
8guLWirIpdw=
1IbcNw8ODaN0Zm1N+qsefQ==
p0YWL9Z7z76lOtJmfKJG8w==
XJ8FayThpcczCFQH8pZwhA==
