EXECUTIVE
MANAGER
REPRESENTATIVE
ACCOUNTANT
ASSISTANT
CLERK
OFFICER
ACTOR
ACTRESS
ANALYST
CHEMIST
DEVELOPER
ARCHITECT
DESIGNER
DIRECTOR
ASSEMBLER
CONTROLLER
EDITOR
TEACHER
ATTORNEY
BAKER
TELLER
BANKER
BARTENDER
ADMINISTRATOR
SPECIALIST
BIOLOGIST
BROKER
DRIVER
ASSOCIATE
BUYER
DEVELOPER
CARPENTER
CASHIER
CHEF
ENGINEER
PHARMACIST
SUPERINTENDENT
WORKER
CONSULTANT
WRITER
COOK
COPYEDITOR
COPYWRITER
COUNSELOR
CUSTODIAN
ADVISOR
OPERATOR
DENTIST
TECHNICIAN
DRAFTSMAN
DRAFTSPERSON
DRAUGHTSMAN
COORDINATOR
EDUCATOR
ELECTRICIAN
SCIENTIST
ESTIMATOR
PLANNER
RECRUITER
INVESTIGATOR
FOREMAN
FRESHER
GEOLOGIST
ARTIST
HEAD
HOUSEKEEPER
HR
GENERALIST
ILLUSTRATOR
INSPECTOR
INSTALLER
INSTRUCTOR
AGENT
AUDITOR
PROGRAMMER
LEAD
JEWELLER
JOURNALIST
SUPERVISOR
SURVEYOR
LAWYER
SECRETARY
LIBRARIAN
MACHINIST
TRAINEE
THERAPIST
RECEPTIONIST
TECHNOLOGIST
TRANSCRIPTIONIST
MERCHANDISER
NUTRITIONIST
OWNER
OPERATORS
OWNERS
PAINTER
TRAINER
PHLEBOTOMIST
PHOTOGRAPHER
PHYSICIAN
PRESIDENT
PRODUCER
PROFESSOR
TESTER
RADIOLOGIST
REPORTER
RESEARCHER
GUARD
SERVER
SOLICITOR
DBA
STENOGRAPHER
KEEPER
SURGEON
LEADER
TELECALLER
TRADER
TUTOR
TYPIST
VOLUNTEER
VP
WAITER
WEBMASTER
WELDER
PROCESSOR
TESTER
LIASON
ORCHESTRATOR
FACILITATOR
STRATEGIST