Delhi University LSR College
Lady Shri Ram College for Women New Delhi
LSR College New Delhi
LSR College Delhi University
LSR College University of Delhi
Lady Shri Ram College Delhi University
Lady Shri Ram College University of Delhi
Delhi Univ. LSR College
Lady Shri Ram College for Women New Delhi
LSR College New Delhi
LSR College Delhi Univ.
LSR College University of Delhi
Lady Shri Ram College Delhi Univ.
Lady Shri Ram College Univ. of Delhi
Lady Shri Ram College for Women
LSR Delhi
L.S.R Delhi
LSR Univesity of Delhi
L.S.R University of Delhi
LSR Univ. of Delhi
L.S.R Univ. of Delhi
