Advertising
Aeronautical
Agriculture
ALTP
Anthropology
Applied Mechanics
Architecture
Arts&Humanities
Automobile
Aviation
Bio-Chemistry
Biology
Biomedical
Bio-Technology
Botany
Ceramics
Chemical
Chemistry
Civil
Commerce
Communication
Computers
CPL
Dairy Technology
Dental
Economics
Education
Electrical
Electronics
Energy
Engineering Physics
English
Environmental science
Fashion Design
Film
Finance
Fine Arts
Food Technology
General
General Management & Small Business
Geology
Hindi
History
Home science
Hotel Management
HR
Industrial
Industrial Relations
Information Technology Management
Instrumentation
International Management
Journalism
Law
Literature
Management
Marine
Marketing
Mass Communication
Material Technology
Materials Science
Mathematics
Mechanical
Metallurgy
Microbiology
Mineral
Mining
Nuclear
Nursing
Ocean
Oil
Statistics
Other Designing
Paint
Petroleum
Pharmacy
Vocational Courses
Philosophy
Political Science
PR
Advertising
Psychology
Sanskrit
Sociology
Physics
Plastics
PPL
Production
Production & Operations Management
Solid State Technology
Telecommunications
Strategy Management
Textile
Systems
Visual Arts
Systems&Devices
SystemsAdvertising
Mass Communication
Zoology
