1ST LIEUTENANT
1ST LT
1ST LT.
1ST LIEUTENANT
1ST LT
1ST LT.
2ND LIEUTENANT
2ND LT
2ND LT.
2ND LIEUTENANT
2ND LT
2ND LT.
ABLE RATING
ABLE SEAMAN
ABLE SEAWOMAN
ACTING P.O.
ACTING PO
ACTING PILOT OFFICER
ADM
ADM OF THE FLEET
ADM OF THE FLEET
ADM.
ADM. OF THE FLEET
ADM. OF THE FLEET
ADMIRAL
ADMIRAL OF THE FLEET
ADMIRAL OF THE FLEET
AIR CDRE
AIR CDRE.
AIR CHIEF MARSHAL
AIR COMMODORE
AIR MARSHAL
AIR VICE-MARSHAL
AIRCRAFTMAN
AIRCRAFTSMAN
AIRCRAFTSWOMAN
AIRCRAFTWOMAN
BRIG
BRIG.
BRIGADIER
CAPT
CAPT.
CAPTAIN
CDR
CDR.
CDRE
CDRE (1ST CLASS)
CDRE (1ST CLASS)
CDRE (1ST CLASS)
CDRE (1ST CLASS)
CDRE (2ND CLASS)
CDRE (2ND CLASS)
CDRE (2ND CLASS)
CDRE (2ND CLASS)
CDRE (FIRST CLASS)
CDRE (SECOND CLASS)
CDRE (SECOND CLASS)
CDRE (FIRST CLASS)
CDRE 1ST CLASS
CDRE 1ST CLASS
CDRE 1ST CLASS
CDRE 1ST CLASS
CDRE 2ND CLASS
CDRE 2ND CLASS
CDRE 2ND CLASS
CDRE 2ND CLASS
CDRE FIRST CLASS
CDRE SECOND CLASS
CDRE SECOND CLASS
CDRE FIRST CLASS
CDRE.
CHIEF OF STAFF
CHIEF PETTY OFFICER
CHIEF SUPERINTENDENT
CHIEF OF STAFF
CMDR.
COL
COL.
COLONEL
COLOUR SERGEANT
COLOUR SERJEANT
COMDR.
COMMANDER
COMMODORE
COMMODORE (1ST CLASS)
COMMODORE (1ST CLASS)
COMMODORE (1ST CLASS)
COMMODORE (1ST CLASS)
COMMODORE (2ND CLASS)
COMMODORE (2ND CLASS)
COMMODORE (2ND CLASS)
COMMODORE (2ND CLASS)
COMMODORE (FIRST CLASS)
COMMODORE (SECOND CLASS)
COMMODORE (SECOND CLASS)
COMMODORE (FIRST CLASS)
COMMODORE 1ST CLASS
COMMODORE 1ST CLASS
COMMODORE 1ST CLASS
COMMODORE 1ST CLASS
COMMODORE 2ND CLASS
COMMODORE 2ND CLASS
COMMODORE 2ND CLASS
COMMODORE 2ND CLASS
COMMODORE FIRST CLASS
COMMODORE SECOND CLASS
COMMODORE SECOND CLASS
COMMODORE FIRST CLASS
COMMUNICATIONS OFFICER
CORPORAL
DEPUTY AND ASSISTANT COMMISSIONER
DEPUTY AND ASSISTANT COMMISSIONER
DEPUTY ASSISTANT COMMISSIONER
DEPUTY AND ASSISTANT COMMISSIONER
DEPUTY AND ASSISTANT COMMISSIONER
F.O.
FO
FIELD MARSHAL
FIRST LIEUTENANT
FIRST LT
FIRST LT.
FLEET CHIEF PETTY OFFICER
FLIGHT LIEUTENANT
FLIGHT SERGEANT
FLIGHT SERJEANT
FLT LT
FLT. LT.
FLYING OFFICER
FST LT
FST. LT.
GEN
GEN.
GENERAL
GP CAPT
GP. CAPT.
GROUP CAPTAIN
GRP CAPT
GRP. CAPT.
GÉNÉRAL
JUNIOR RATING
JUNIOR SEAMAN
JUNIOR SEAWOMAN
JUNIOR TECHNICIAN
LANCE CORPORAL
LEADING AIRCRAFTMAN
LEADING AIRCRAFTSMAN
LEADING AIRCRAFTSWOMAN
LEADING AIRCRAFTWOMAN
LEADING RATING
LEADING SEAMAN
LEADING SEAWOMAN
LIEUTENANT
LIEUTENANT COLONEL
LIEUTENANT GENERAL
LIEUTENANT GÉNÉRAL
LIEUTENANT-COLONEL
LIEUTENANT-COMMANDANT
LIEUTENANT-COMMANDER
LIEUTENANT-GENERAL
LIEUTENANT-GÉNÉRAL
LT
LT CDR
LT COL
LT GEN
LT-CDR
LT-COL
LT-COL.
LT-GEN
LT-GEN.
LT.
LT. CDR.
LT. COL.
LT. GEN.
MAJ
MAJ GEN
MAJ-GEN
MAJ-GEN.
MAJ.
MAJ. GEN
MAJOR
MAJOR GENERAL
MAJOR-GENERAL
MARSHAL OF THE R.A.F.
MARSHAL OF THE RAF
MARSHAL OF THE R.A.F.
MARSHAL OF THE RAF
MARÉCHAL
MASTER SERGEANT
MASTER SERJEANT
MASTER SGT.
MIDSHIPMAN
MIDSHIPWOMAN
P.O.
PETTY
PETTY OFFICER
PILOT OFFICER
PRIV
PRIV.
PRIVATE
PTE
PTE.
REAR ADM
REAR ADM.
REAR ADMIRAL
REAR-ADM
REAR-ADM.
REAR-ADMIRAL
SEC LT
SEC. LT.
SECOND LIEUTENANT
SECOND LT
SECOND LT.
SENIOR AIRCRAFTMAN
SENIOR AIRCRAFTSMAN
SENIOR AIRCRAFTSWOMAN
SENIOR AIRCRAFTWOMAN
SENIOR GENERAL
SERGEANT
SERGEANT AT ARMS
SERGEANT MAJOR
SERGEANT AT ARMS
SERJEANT
SERJEANT AT ARMS
SERJEANT MAJOR
SERJEANT AT ARMS
SGT.
SOUS-LIEUTENANT
SQD LDR
SQD. LDR.
SQU LDR
SQU. LDR.
SQUADRON LEADER
STAFF SERGEANT
STAFF SERJEANT
SUB LT
SUB-LIEUTENANT
SUB-LT
SUB. LT.
TECH SGT
TECH. SGT.
VICE ADM
VICE ADM.
VICE ADMIRAL
VICE-ADM
VICE-ADM.
VICE-ADMIRAL
WARRANT OFFICER
WG CDR
WG. CDR.
WING CDR
WING CDR.
WING COMMANDER
ADMIRAL
AMIRAL
CAPITAINE
CAPTAIN
COLONEL
COMMANDANT
COMMANDER
LIEUTENANT
SERGEANT
SERGENT
SERJEANT
